// Jest Snapshot v1, https://goo.gl/fbAQLP

exports[`Debe estar en el documento Debe mostrar el componente correctamente 1`] = `
<MuiCardRoot
  className="MuiCard-root"
  ownerState={
    Object {
      "children": Array [
        <ForwardRef(CardMedia)
          component="img"
          height="140"
          image="https://localhost/imagen.jpg"
        />,
        <ForwardRef(CardContent)>
          <ForwardRef(Typography)
            component="h2"
            gutterBottom={true}
            variant="h5"
          >
            Titulo
          </ForwardRef(Typography)>
        </ForwardRef(CardContent)>,
      ],
      "raised": false,
      "sx": Object {
        "maxWidth": 345,
      },
    }
  }
  sx={
    Object {
      "maxWidth": 345,
    }
  }
>
  <ForwardRef(CardMedia)
    component="img"
    height="140"
    image="https://localhost/imagen.jpg"
  />
  <ForwardRef(CardContent)>
    <ForwardRef(Typography)
      component="h2"
      gutterBottom={true}
      variant="h5"
    >
      Titulo
    </ForwardRef(Typography)>
  </ForwardRef(CardContent)>
</MuiCardRoot>
`;
